# Сгенерировано tools/make_redirect_map.py. Не редактировать руками.
# Только записи; обёртка map{} и default — в deploy/nginx.conf.
    1glossarij /1glossarij/;
    abs /abs/;
    acos /acos/;
    addday /addday/;
    addmillisecond /addmillisecond/;
    addminute /addminute/;
    addmonth /addmonth/;
    addsecond /addsecond/;
    addweek /addweek/;
    addyear /addyear/;
    alter_character_set /alter_character_set/;
    alter_database /alter_database/;
    alter_domain /alter_domain/;
    alter_exception /alter_exception/;
    alter_external_function /alter_external_function/;
    alter_index /alter_index/;
    alter_procedure /alter_procedure/;
    alter_sequence /alter_sequence/;
    alter_table /alter_table/;
    alter_trigger /alter_trigger/;
    array_dim /create_domain/;
    ascii_char /ascii_char/;
    ascii_val /ascii_val/;
    asin /asin/;
    atan /atan/;
    atan2 /atan2/;
    autoddl /autoddl/;
    autonomous_transaction /autonomous_transaction/;
    avg /avg/;
    bin_and /bin_and/;
    bin_not /bin_not/;
    bin_or /bin_or/;
    bin_shl /bin_shl/;
    bin_shr /bin_shr/;
    bin_xor /bin_xor/;
    bit_length /bit_length/;
    break /break/;
    case /case/;
    cast /cast/;
    ceiling /ceiling/;
    char_length /char_length/;
    char_to_uuid /char_to_uuid/;
    coalesce /coalesce/;
    comment /comment/;
    commit /commit/;
    connect /connect/;
    constraint /constraint/;
    containing /containing/;
    cos /cos/;
    cosh /cosh/;
    cot /cot/;
    count /count/;
    create_database /create_database/;
    create_domain /create_domain/;
    create_exception /create_exception/;
    create_generator /create_generator/;
    create_global_temporary_table /create_global_temporary_table/;
    create_index /create_index/;
    create_procedure /create_procedure/;
    create_role /create_role/;
    create_shadow /create_shadow/;
    create_table /create_table/;
    create_trigger /create_trigger/;
    create_view /create_view/;
    current_connection /current_connection/;
    current_date /current_date/;
    current_role /current_role/;
    current_timestamp /current_timestamp/;
    current_transaction /current_transaction/;
    current_user /current_user/;
    dateadd /dateadd/;
    datediff /datediff/;
    datetype /create_domain/;
    day /day/;
    declare_cursor /declare_cursor/;
    declare_external_function /declare_external_function/;
    decode /decode/;
    delete /delete/;
    distinct /distinct/;
    dom_search_condition /create_domain/;
    dow /dow/;
    drop_database /drop_database/;
    drop_domain /drop_domain/;
    drop_exception /drop_exception/;
    drop_generator /drop_generator/;
    drop_procedure /drop_procedure/;
    drop_role /drop_role/;
    drop_shadow /drop_shadow/;
    drop_table /drop_table/;
    drop_trigger /drop_trigger/;
    drop_view /drop_view/;
    exception /exception/;
    execute_block /execute_block/;
    execute_procedure /execute_procedure/;
    execute_statement /execute_statement/;
    exists /exists/;
    exp /exp/;
    extract /extract/;
    fetch /fetch/;
    first /first/;
    floor /floor/;
    funkcii_dlja_raboty_s_datoj_i_vremenem /funkcii_dlja_raboty_s_datoj_i_vremenem/;
    gbak /gbak/;
    gdscode /gdscode/;
    gdscodes /gdscodes/;
    gen_id /gen_id/;
    gen_uuid /gen_uuid/;
    gfix /gfix/;
    glossarij /glossarij/;
    grant /grant/;
    gsec /gsec/;
    hash /hash/;
    having /having/;
    hour /hour/;
    if /if/;
    iif /iif/;
    index /index/;
    indices_maintenance /indices_maintenance/;
    insert /insert/;
    inserting_updating_deleting /inserting_updating_deleting/;
    instclient.exe /instclient.exe/;
    integer /integer/;
    interval /interval/;
    is_not_distinct_from /is_not_distinct_from/;
    istochniki_i_avtory /istochniki_i_avtory/;
    join /join/;
    kak_ustanovit_na_linux_vtoroj_ehkzempljar_firebird /kak_ustanovit_na_linux_vtoroj_ehkzempljar_firebird/;
    left /left/;
    like /like/;
    list /list/;
    lower /lower/;
    lpad /lpad/;
    matematicheskie_operacii_s_datoj /matematicheskie_operacii_s_datoj/;
    max /max/;
    merge /merge/;
    min /min/;
    minute /minute/;
    mon_attachments /mon_attachments/;
    mon_database /mon_database/;
    mon_transactions /mon_transactions/;
    month /month/;
    ne_ispolzuemye_kljuchevye_slova /ne_ispolzuemye_kljuchevye_slova/;
    new_old /new_old/;
    next_value_for /next_value_for/;
    nullif /nullif/;
    o_sajte /o_sajte/;
    obrabotka_oshibok /obrabotka_oshibok/;
    octet_length /octet_length/;
    operator /create_domain/;
    operatory_konstrukcii_select /operatory_konstrukcii_select/;
    oshibki_pri_sozdanii_metadannyx /oshibki_pri_sozdanii_metadannyx/;
    overlay /overlay/;
    pi /pi/;
    podkljuchenie_k_baze_dannyx_iz_1s /podkljuchenie_k_baze_dannyx_iz_1s/;
    polesnue_zaprosu /polesnue_zaprosu/;
    position /position/;
    power /power/;
    pravila /pravila/;
    procedure /procedure/;
    rand /rand/;
    raznovidnosti_jazyka_sql /raznovidnosti_jazyka_sql/;
    rdb_check_constraints /rdb_check_constraints/;
    rdb_database /rdb_database/;
    rdb_fields /rdb_fields/;
    rdb_generators /rdb_generators/;
    rdb_get_context /rdb_get_context/;
    rdb_index_segments /rdb_index_segments/;
    rdb_indices /rdb_indices/;
    rdb_ref_constraints /rdb_ref_constraints/;
    rdb_relation_constraints /rdb_relation_constraints/;
    rdb_relation_fields /rdb_relation_fields/;
    rdb_relations /rdb_relations/;
    rdb_roles /rdb_roles/;
    rdb_security_classes /rdb_security_classes/;
    rdb_set_context /rdb_set_context/;
    rdb_transactions /rdb_transactions/;
    rdb_trigger_messages /rdb_trigger_messages/;
    rdb_triggers /rdb_triggers/;
    recursive /recursive/;
    replace /replace/;
    returning /returning/;
    returns /returns/;
    reverse /reverse/;
    revoke /revoke/;
    right /right/;
    role /role/;
    round /round/;
    row_count /row_count/;
    rpad /rpad/;
    samostojatelnaja_sborka_snapshota_firebird /samostojatelnaja_sborka_snapshota_firebird/;
    script_alert_script /script_alert_script/;
    second /second/;
    select /select/;
    sequence /sequence/;
    set_generator /set_generator/;
    set_statistics /set_statistics/;
    set_term /set_term/;
    shadow /shadow/;
    sidebar /;
    sign /sign/;
    similar_to /similar_to/;
    sin /sin/;
    singular /singular/;
    sinh /sinh/;
    sistemnye_tablicy /sistemnye_tablicy/;
    skript_dlja_rezervirovanija_bazy_dannyx_na_python /skript_dlja_rezervirovanija_bazy_dannyx_na_python/;
    skript_dlja_rezervirovanija_bazy_dannyx_na_shell /skript_dlja_rezervirovanija_bazy_dannyx_na_shell/;
    soglashenija_sintaksisa /soglashenija_sintaksisa/;
    sql001.otbor_mnozhestva_zapisej_po_kljucham /sql001.otbor_mnozhestva_zapisej_po_kljucham/;
    sql002.javljaetsja_li_stroka_chislom /sql002.javljaetsja_li_stroka_chislom/;
    sql003.summa_propisju /sql003.summa_propisju/;
    sql005._kak_v_firebird_vstavit_perenos_stroki_crlf /sql005._kak_v_firebird_vstavit_perenos_stroki_crlf/;
    sql005._kak_v_stroku_vstavit_proizvolnyj_simovol /sql005._kak_v_stroku_vstavit_proizvolnyj_simovol/;
    sql007.otbor_mnozhestva_zapisej_po_kljucham_iz_drugoj_tablicy_obxod_konstrukcii_in /sql007.otbor_mnozhestva_zapisej_po_kljucham_iz_drugoj_tablicy_obxod_konstrukcii_in/;
    sql009._formirovanie_shtrix-koda_ean13_po_kodu_zapisi_v_tablice /sql009._formirovanie_shtrix-koda_ean13_po_kodu_zapisi_v_tablice/;
    sql010._vyborka_dannyx_iz_drevovidnoj_tablicy_s_uchetom_ierarxii_obektov /sql010._vyborka_dannyx_iz_drevovidnoj_tablicy_s_uchetom_ierarxii_obektov/;
    sql012._poschitat_kontrolnyj_razrjad_k_snils /sql012._poschitat_kontrolnyj_razrjad_k_snils/;
    sqrt /sqrt/;
    start /start/;
    substring /substring/;
    sum /sum/;
    sweep /sweep/;
    table /table/;
    tablicy_monitoringa /tablicy_monitoringa/;
    tan /tan/;
    tanh /tanh/;
    tipy_dannyx /tipy_dannyx/;
    transfer_table /transfer_table/;
    trim /trim/;
    trunc /trunc/;
    update /update/;
    update_or_insert /update_or_insert/;
    upper /upper/;
    user /user/;
    ustanovka_apache_php_firebird /ustanovka_apache_php_firebird/;
    ustanovka_apache_php_firebird_na_ubuntu /ustanovka_apache_php_firebird_na_ubuntu/;
    ustanovka_firebird_iz_snapshota /ustanovka_firebird_iz_snapshota/;
    ustanovka_firebird_na_linux /ustanovka_firebird_na_linux/;
    utils /utils/;
    uuid_to_char /uuid_to_char/;
    view /view/;
    vremennye_tablicy /vremennye_tablicy/;
    vstroennye_funkcii /vstroennye_funkcii/;
    vstroennye_funkcii_po_gruppam /vstroennye_funkcii_po_gruppam/;
    weekday /weekday/;
    when /when/;
    while /while/;
    year /year/;
    yearday /yearday/;
